// Jest Snapshot v1, https://goo.gl/fbAQLP

exports[`Atom | TTRLabel TTRLabel should render 1`] = `
<div
  className="a-ttr-label"
>
  Time to Read: 
  10
   min.
</div>
`;
